// Jest Snapshot v1, https://goo.gl/fbAQLP

exports[`gtihub 1`] = `
<GithubCorner
  ariaLabel="打开Github"
  bannerColor="deeppink"
  direction="right"
  href="https://github.com/gongbaodd/gongbaodd.github.io"
  octoColor="#fff"
  size={80}
/>
`;
